279.014 279.158 279.429 279.781 281.129 281.233 443.037 763.982 927.989 935.462 806.782 588.621 366.218 197.938 95.158 41.744 21.684 11.114 5.573 2.830 1.570 0.865 0.472 0.252 0.133 0.068 0.033 0.016 0.007 0.003 0.001 0.000 0.000 0.000 0.000 0.000
279.158 279.303 279.574 279.926 281.274 281.379 443.266 764.378 928.470 935.947 807.200 588.926 366.409 198.041 95.208 41.766 21.696 11.120 5.576 2.832 1.571 0.866 0.472 0.252 0.133 0.068 0.033 0.016 0.007 0.003 0.001 0.000 0.000 0.000 0.000 0.000
279.429 279.574 279.844 280.197 281.547 281.651 443.696 765.119 929.370 936.854 807.983 589.498 366.764 198.234 95.301 41.807 21.717 11.131 5.582 2.835 1.573 0.867 0.472 0.252 0.133 0.068 0.033 0.016 0.007 0.003 0.001 0.000 0.000 0.000 0.000 0.000
279.781 279.926 280.197 280.551 281.902 282.006 444.255 766.084 930.543 938.036 809.003 590.242 367.228 198.485 95.422 41.860 21.745 11.146 5.589 2.839 1.575 0.868 0.473 0.253 0.133 0.068 0.033 0.016 0.007 0.003 0.001 0.000 0.000 0.000 0.000 0.000
281.129 281.274 281.547 281.902 283.259 283.364 446.395 769.774 935.026 942.557 812.903 593.090 369.002 199.445 95.885 42.065 21.852 11.201 5.617 2.853 1.583 0.873 0.476 0.254 0.134 0.069 0.034 0.016 0.007 0.003 0.001 0.001 0.000 0.000 0.000 0.000
281.233 281.379 281.651 282.006 283.364 283.469 446.560 770.059 935.373 942.907 813.205 593.310 369.139 199.520 95.921 42.080 21.860 11.205 5.619 2.854 1.583 0.873 0.476 0.254 0.134 0.069 0.034 0.016 0.007 0.003 0.001 0.001 0.000 0.000 0.000 0.000
443.037 443.266 443.696 444.255 446.395 446.560 24699.102 4606.048 3758.918 2895.029 2034.846 1295.458 736.135 373.203 171.151 72.581 36.982 18.753 9.377 4.778 2.668 1.482 0.814 0.438 0.233 0.120 0.059 0.028 0.012 0.005 0.002 0.001 0.000 0.000 0.000 0.000
763.982 764.378 765.119 766.084 769.774 770.059 4606.048 6478.977 5994.598 5038.149 3759.930 2470.382 1428.158 737.269 349.478 157.529 86.394 48.155 26.870 15.277 9.344 5.619 3.295 1.869 1.037 0.554 0.282 0.137 0.063 0.027 0.012 0.005 0.002 0.001 0.000 0.000
927.989 928.470 929.370 930.543 935.026 935.373 3758.918 5994.598 6216.391 5621.051 4428.671 3023.872 1807.418 970.905 487.318 238.193 141.309 85.529 51.613 31.329 20.097 12.552 7.584 4.407 2.495 1.358 0.704 0.347 0.162 0.072 0.032 0.014 0.006 0.002 0.001 0.000
935.462 935.947 936.854 938.036 942.557 942.907 2895.029 5038.149 5621.051 37325.443 6686.704 4849.021 2835.902 1479.903 739.251 366.991 221.453 136.048 83.019 50.801 32.786 20.603 12.533 7.338 4.188 2.301 1.204 0.599 0.283 0.126 0.057 0.025 0.010 0.004 0.002 0.001
806.782 807.200 807.983 809.003 812.903 813.205 2034.846 3759.930 4428.671 6686.704 13512.431 6654.683 4363.573 2525.317 1373.454 717.116 438.451 266.599 158.683 94.427 59.643 36.940 22.333 13.099 7.535 4.190 2.226 1.126 0.541 0.247 0.114 0.050 0.021 0.008 0.003 0.001
588.621 588.926 589.498 590.242 593.090 593.310 1295.458 2470.382 3023.872 4849.021 6654.683 6592.055 5236.695 3641.563 2292.295 1318.195 844.057 524.467 313.851 186.434 117.643 73.181 44.783 26.793 15.809 9.052 4.966 2.599 1.293 0.611 0.292 0.133 0.058 0.024 0.010 0.004
366.218 366.409 366.764 367.228 369.002 369.139 736.135 1428.158 1807.418 2835.902 4363.573 5236.695 5116.567 4257.529 3075.017 1957.736 1335.683 875.339 550.378 343.145 226.481 147.767 95.024 59.772 37.016 22.217 12.765 6.991 3.641 1.801 0.901 0.431 0.197 0.087 0.037 0.015
197.938 198.041 198.234 198.485 199.445 199.520 373.203 737.269 970.905 1479.903 2525.317 3641.563 4257.529 4099.446 3326.808 2341.993 1719.662 1213.998 826.632 559.256 397.008 278.066 191.050 127.653 83.432 52.633 31.719 18.206 9.940 5.161 2.706 1.360 0.655 0.303 0.136 0.060
95.158 95.208 95.301 95.422 95.885 95.921 171.151 349.478 487.318 739.251 1373.454 2292.295 3075.017 3326.808 3000.295 2348.957 1875.126 1446.994 1083.712 804.604 617.031 463.858 339.438 239.917 164.882 109.048 68.836 41.399 23.707 12.931 7.114 3.758 1.907 0.932 0.442 0.205
41.744 41.766 41.807 41.860 42.065 42.080 72.581 157.529 238.193 366.991 717.116 1318.195 1957.736 2341.993 2348.957 2068.817 1809.762 1535.588 1265.935 1025.893 842.606 673.555 520.760 387.170 278.893 193.137 127.736 80.593 48.498 27.849 16.107 8.960 4.798 2.477 1.242 0.609
21.684 21.696 21.717 21.745 21.852 21.860 36.982 86.394 141.309 221.453 438.451 844.057 1335.683 1719.662 1875.126 1809.762 1690.918 1529.326 1338.824 1142.185 974.986 806.359 642.812 491.711 363.776 258.586 175.569 113.749 70.310 41.481 24.611 14.047 7.717 4.088 2.102 1.056
11.114 11.120 11.131 11.146 11.201 11.205 18.753 48.155 85.529 136.048 266.599 524.467 875.339 1213.998 1446.994 1535.588 1529.326 14943.835 2588.944 2142.887 1637.289 1216.111 904.460 667.820 487.521 346.514 237.319 156.045 98.308 59.287 35.969 21.019 11.833 6.425 3.387 1.743
5.573 5.576 5.582 5.589 5.617 5.619 9.377 26.870 51.613 83.019 158.683 313.851 550.378 826.632 1083.712 1265.935 1338.824 2588.944 3242.247 2887.316 2319.540 1774.588 1327.065 969.842 697.681 489.896 333.450 219.486 139.400 85.269 52.649 31.415 18.104 10.081 5.455 2.882
2.830 2.832 2.835 2.839 2.853 2.854 4.778 15.277 31.329 50.801 94.427 186.434 343.145 559.256 804.604 1025.893 1142.185 2142.887 2887.316 2912.698 2625.867 2208.117 1755.933 1327.401 970.095 685.668 468.362 309.788 198.467 123.035 77.226 47.005 27.707 15.815 8.784 4.768
1.570 1.571 1.573 1.575 1.583 1.583 2.668 9.344 20.097 32.786 59.643 117.643 226.481 397.008 617.031 842.606 974.986 1637.289 2319.540 2625.867 66910.376 7222.283 5854.463 3750.558 2251.151 1356.250 827.499 506.739 308.457 185.348 114.573 69.418 41.060 23.656 13.317 7.346
0.865 0.866 0.867 0.868 0.873 0.873 1.482 5.619 12.552 20.603 36.940 73.181 147.767 278.066 463.858 673.555 806.359 1216.111 1774.588 2208.117 7222.283 10386.169 9204.654 6471.626 4209.151 2655.660 1633.295 980.834 577.167 334.069 200.052 118.250 68.824 39.348 22.140 12.276
0.472 0.472 0.472 0.473 0.476 0.476 0.814 3.295 7.584 12.533 22.333 44.783 95.024 191.050 339.438 520.760 642.812 904.460 1327.065 1755.933 5854.463 9204.654 9417.090 7858.496 5961.393 4225.234 2814.826 1778.737 1077.052 630.922 378.390 222.887 129.119 73.563 41.346 22.959
0.252 0.252 0.252 0.253 0.254 0.254 0.438 1.869 4.407 7.338 13.099 26.793 59.772 127.653 239.917 387.170 491.711 667.820 969.842 1327.401 3750.558 6471.626 7858.496 7839.599 6893.805 5494.546 4024.607 2748.480 1773.572 1094.383 683.198 415.967 247.611 144.233 82.526 46.490
0.133 0.133 0.133 0.133 0.134 0.134 0.233 1.037 2.495 4.188 7.535 15.809 37.016 83.432 164.882 278.893 363.776 487.521 697.681 970.095 2251.151 4209.151 5961.393 6893.805 6847.054 6050.557 4853.136 3595.846 2499.488 1651.312 1092.904 701.553 437.578 265.338 157.023 90.969
0.068 0.068 0.068 0.068 0.069 0.069 0.120 0.554 1.358 2.301 4.190 9.052 22.217 52.633 109.048 193.137 258.586 346.514 489.896 685.668 1356.250 2655.660 4225.234 5494.546 6050.557 25025.288 7103.701 5557.897 3878.209 2585.206 1749.993 1159.048 747.855 468.809 286.229 170.695
0.033 0.033 0.033 0.033 0.034 0.034 0.059 0.282 0.704 1.204 2.226 4.966 12.765 31.719 68.836 127.736 175.569 237.319 333.450 468.362 827.499 1633.295 2814.826 4024.607 4853.136 7103.701 7851.656 6762.663 5141.900 3687.423 2636.043 1824.180 1221.201 791.067 498.021 305.965
0.016 0.016 0.016 0.016 0.016 0.016 0.028 0.137 0.347 0.599 1.126 2.599 6.991 18.206 41.399 80.593 113.749 156.045 219.486 309.788 506.739 980.834 1778.737 2748.480 3595.846 5557.897 6762.663 6632.242 5740.059 4578.231 3531.240 2593.384 1822.518 1231.214 805.417 513.262
0.007 0.007 0.007 0.007 0.007 0.007 0.012 0.063 0.162 0.283 0.541 1.293 3.641 9.940 23.707 48.498 70.310 98.308 139.400 198.467 308.457 577.167 1077.052 1773.572 2499.488 3878.209 5141.900 5740.059 5631.103 4985.825 4161.672 3267.261 2433.487 1732.528 1189.902 794.001
0.003 0.003 0.003 0.003 0.003 0.003 0.005 0.027 0.072 0.126 0.247 0.611 1.801 5.161 12.931 27.849 41.481 59.287 85.269 123.035 185.348 334.069 630.922 1094.383 1651.312 2585.206 3687.423 4578.231 4985.825 4844.539 4360.823 3667.462 2911.685 2201.597 1600.469 1126.631
0.001 0.001 0.001 0.001 0.001 0.001 0.002 0.012 0.032 0.057 0.114 0.292 0.901 2.706 7.114 16.107 24.611 35.969 52.649 77.226 114.573 200.052 378.390 683.198 1092.904 1749.993 2636.043 3531.240 4161.672 4360.823 4187.566 3746.887 3157.277 2527.385 1938.699 1434.540
0.000 0.000 0.000 0.000 0.001 0.001 0.001 0.005 0.014 0.025 0.050 0.133 0.431 1.360 3.758 8.960 14.047 21.019 31.415 47.005 69.418 118.250 222.887 415.967 701.553 1159.048 1824.180 2593.384 3267.261 3667.462 3746.887 3567.014 3195.064 2713.151 2200.072 1713.800
0.000 0.000 0.000 0.000 0.000 0.000 0.000 0.002 0.006 0.010 0.021 0.058 0.197 0.655 1.907 4.798 7.717 11.833 18.104 27.707 41.060 68.824 129.119 247.611 437.578 747.855 1221.201 1822.518 2433.487 2911.685 3157.277 3195.064 3041.214 2738.734 2346.834 1924.150
0.000 0.000 0.000 0.000 0.000 0.000 0.000 0.001 0.002 0.004 0.008 0.024 0.087 0.303 0.932 2.477 4.088 6.425 10.081 15.815 23.656 39.348 73.563 144.233 265.338 468.809 791.067 1231.214 1732.528 2201.597 2527.385 2713.151 2738.734 2610.310 2359.790 2034.354
0.000 0.000 0.000 0.000 0.000 0.000 0.000 0.000 0.001 0.002 0.003 0.010 0.037 0.136 0.442 1.242 2.102 3.387 5.455 8.784 13.317 22.140 41.346 82.526 157.023 286.229 498.021 805.417 1189.902 1600.469 1938.699 2200.072 2346.834 2359.790 2245.124 2032.059
0.000 0.000 0.000 0.000 0.000 0.000 0.000 0.000 0.000 0.001 0.001 0.004 0.015 0.060 0.205 0.609 1.056 1.743 2.882 4.768 7.346 12.276 22.959 46.490 90.969 170.695 305.965 513.262 794.001 1126.631 1434.540 1713.800 1924.150 2034.354 2032.059 1979.971
