20240118 01:00
3.688
20240118 02:00
3.875
20240118 03:00
4.125
20240118 04:00
4.438
20240118 05:00
5.062
20240118 06:00
6.062
20240118 07:00
6.938
20240118 08:00
7.625
20240118 09:00
8.188
20240118 10:00
8.688
20240118 11:00
9.125
20240118 12:00
9.25
20240118 13:00
9.25
20240118 14:00
9.312
20240118 15:00
9.312
20240118 16:00
9.375
20240118 17:00
9.438
20240118 18:00
0
20240118 19:00
0.438
20240118 20:00
1.375
20240118 21:00
3.0
20240118 22:00
3.375
20240118 23:00
3.438
20240119 00:00
3.5
20240119 01:00
3.688
20240119 02:00
3.875
20240119 03:00
4.125
20240119 04:00
4.438
20240119 05:00
5.062
20240119 06:00
6.062
20240119 07:00
6.938
20240119 08:00
7.625
20240119 09:00
8.188
20240119 10:00
8.688
20240119 11:00
9.125
20240119 12:00
9.25
20240119 13:00
9.25
20240119 14:00
9.312
20240119 15:00
9.312
20240119 16:00
9.375
20240119 17:00
9.438
20240119 18:00
0
20240119 19:00
0.438
20240119 20:00
1.375
20240119 21:00
3.0
20240119 22:00
3.375
20240119 23:00
3.438
20240120 00:00
3.5
https://obscape.com/portal/api/v3/api?username=Justin&project=ethek&key=JKwPFmFGhRMzaua0pVKsIeIRHnuNOXexHLnn934pUQY5k0dK5X&station=457&from=2023-11-19T03:00:50&to=2024-01-18T03:00:50
